INFO:     Will watch for changes in these directories: ['E:\\Sheriff_faang\\full_end_to_end_project_implementation\\hackathon_projects\\Agentic_Cybersecurity']
INFO:     Uvicorn running on http://127.0.0.1:8000 (Press CTRL+C to quit)
INFO:     Started reloader process [38604] using WatchFiles
Process SpawnProcess-1:
Traceback (most recent call last):
  File "C:\Users\mdshe\anaconda3\Lib\multiprocessing\process.py", line 314, in _bootstrap
    self.run()
  File "C:\Users\mdshe\anaconda3\Lib\multiprocessing\process.py", line 108, in run
    self._target(*self._args, **self._kwargs)
  File "E:\Sheriff_faang\full_end_to_end_project_implementation\hackathon_projects\Agentic_Cybersecurity\.cyber\Lib\site-packages\uvicorn\_subprocess.py", line 80, in subprocess_started
    target(sockets=sockets)
  File "E:\Sheriff_faang\full_end_to_end_project_implementation\hackathon_projects\Agentic_Cybersecurity\.cyber\Lib\site-packages\uvicorn\server.py", line 86, in run
    return asyncio_run(self.serve(sockets=sockets), loop_factory=self.config.get_loop_factory())
           ^^^^^^^^^^^^^^^^^^^^^^^^^^^^^^^^^^^^^^^^^^^^^^^^^^^^^^^^^^^^^^^^^^^^^^^^^^^^^^^^^^^^^
  File "C:\Users\mdshe\anaconda3\Lib\asyncio\runners.py", line 194, in run
    return runner.run(main)
           ^^^^^^^^^^^^^^^^
  File "C:\Users\mdshe\anaconda3\Lib\asyncio\runners.py", line 118, in run
    return self._loop.run_until_complete(task)
           ^^^^^^^^^^^^^^^^^^^^^^^^^^^^^^^^^^^
  File "C:\Users\mdshe\anaconda3\Lib\asyncio\base_events.py", line 687, in run_until_complete
    return future.result()
           ^^^^^^^^^^^^^^^
  File "E:\Sheriff_faang\full_end_to_end_project_implementation\hackathon_projects\Agentic_Cybersecurity\.cyber\Lib\site-packages\uvicorn\server.py", line 90, in serve
    await self._serve(sockets)
  File "E:\Sheriff_faang\full_end_to_end_project_implementation\hackathon_projects\Agentic_Cybersecurity\.cyber\Lib\site-packages\uvicorn\server.py", line 97, in _serve
    config.load()
  File "E:\Sheriff_faang\full_end_to_end_project_implementation\hackathon_projects\Agentic_Cybersecurity\.cyber\Lib\site-packages\uvicorn\config.py", line 511, in load
    self.loaded_app = self.load_app()
                      ^^^^^^^^^^^^^^^
  File "E:\Sheriff_faang\full_end_to_end_project_implementation\hackathon_projects\Agentic_Cybersecurity\.cyber\Lib\site-packages\uvicorn\config.py", line 434, in load_app
    return import_from_string(self.app)
           ^^^^^^^^^^^^^^^^^^^^^^^^^^^^
  File "E:\Sheriff_faang\full_end_to_end_project_implementation\hackathon_projects\Agentic_Cybersecurity\.cyber\Lib\site-packages\uvicorn\importer.py", line 19, in import_from_string
    module = importlib.import_module(module_str)
             ^^^^^^^^^^^^^^^^^^^^^^^^^^^^^^^^^^^
  File "C:\Users\mdshe\anaconda3\Lib\importlib\__init__.py", line 90, in import_module
    return _bootstrap._gcd_import(name[level:], package, level)
           ^^^^^^^^^^^^^^^^^^^^^^^^^^^^^^^^^^^^^^^^^^^^^^^^^^^^
  File "<frozen importlib._bootstrap>", line 1387, in _gcd_import
  File "<frozen importlib._bootstrap>", line 1360, in _find_and_load
  File "<frozen importlib._bootstrap>", line 1331, in _find_and_load_unlocked
  File "<frozen importlib._bootstrap>", line 935, in _load_unlocked
  File "<frozen importlib._bootstrap_external>", line 991, in exec_module
  File "<frozen importlib._bootstrap_external>", line 1129, in get_code
  File "<frozen importlib._bootstrap_external>", line 1059, in source_to_code
  File "<frozen importlib._bootstrap>", line 488, in _call_with_frames_removed
  File "E:\Sheriff_faang\full_end_to_end_project_implementation\hackathon_projects\Agentic_Cybersecurity\service\main.py", line 20
    app = FastAPI(title="Prompt Injection Firewall - Agent Security Gateway")`r`nfirewall = Firewall(judge_backend=_judge_backend, judge_on_action=True)
                                                                             ^
SyntaxError: invalid syntax
WARNING:  WatchFiles detected changes in 'service\main.py'. Reloading...
INFO:     Started server process [16456]
INFO:     Waiting for application startup.
INFO:     Application startup complete.
